\BOOKMARK [1][-]{section.1}{\376\377\000C\000S\0002\0002\0004\000N\000\040\000A\000s\000s\000i\000g\000n\000m\000e\000n\000t\000\040\0001\000:\000\040\000E\000x\000p\000l\000o\000r\000i\000n\000g\000\040\000W\000o\000r\000d\000\040\000V\000e\000c\000t\000o\000r\000s\000\040\000\050\0002\0005\000\040\000P\000o\000i\000n\000t\000s\000\051}{}% 1
\BOOKMARK [2][-]{subsubsection.1.0.1}{\376\377\000\040\000D\000u\000e\000\040\0003\000:\0001\0005\000p\000m\000,\000\040\000T\000u\000e\000\040\000J\000a\000n\000\040\0001\0006\000\040\0002\0000\0002\0004}{section.1}% 2
\BOOKMARK [2][-]{subsection.1.1}{\376\377\000W\000o\000r\000d\000\040\000V\000e\000c\000t\000o\000r\000s}{section.1}% 3
\BOOKMARK [2][-]{subsection.1.2}{\376\377\000P\000a\000r\000t\000\040\0001\000:\000\040\000C\000o\000u\000n\000t\000-\000B\000a\000s\000e\000d\000\040\000W\000o\000r\000d\000\040\000V\000e\000c\000t\000o\000r\000s\000\040\000\050\0001\0000\000\040\000p\000o\000i\000n\000t\000s\000\051}{section.1}% 4
\BOOKMARK [3][-]{subsubsection.1.2.1}{\376\377\000C\000o\000-\000O\000c\000c\000u\000r\000r\000e\000n\000c\000e}{subsection.1.2}% 5
\BOOKMARK [3][-]{subsubsection.1.2.2}{\376\377\000P\000l\000o\000t\000t\000i\000n\000g\000\040\000C\000o\000-\000O\000c\000c\000u\000r\000r\000e\000n\000c\000e\000\040\000W\000o\000r\000d\000\040\000E\000m\000b\000e\000d\000d\000i\000n\000g\000s}{subsection.1.2}% 6
\BOOKMARK [3][-]{subsubsection.1.2.3}{\376\377\000Q\000u\000e\000s\000t\000i\000o\000n\000\040\0001\000.\0001\000:\000\040\000I\000m\000p\000l\000e\000m\000e\000n\000t\000\040\000d\000i\000s\000t\000i\000n\000c\000t\000\137\000w\000o\000r\000d\000s\000\040\000[\000c\000o\000d\000e\000]\000\040\000\050\0002\000\040\000p\000o\000i\000n\000t\000s\000\051}{subsection.1.2}% 7
\BOOKMARK [3][-]{subsubsection.1.2.4}{\376\377\000Q\000u\000e\000s\000t\000i\000o\000n\000\040\0001\000.\0002\000:\000\040\000I\000m\000p\000l\000e\000m\000e\000n\000t\000\040\000c\000o\000m\000p\000u\000t\000e\000\137\000c\000o\000\137\000o\000c\000c\000u\000r\000r\000e\000n\000c\000e\000\137\000m\000a\000t\000r\000i\000x\000\040\000[\000c\000o\000d\000e\000]\000\040\000\050\0003\000\040\000p\000o\000i\000n\000t\000s\000\051}{subsection.1.2}% 8
\BOOKMARK [3][-]{subsubsection.1.2.5}{\376\377\000Q\000u\000e\000s\000t\000i\000o\000n\000\040\0001\000.\0003\000:\000\040\000I\000m\000p\000l\000e\000m\000e\000n\000t\000\040\000r\000e\000d\000u\000c\000e\000\137\000t\000o\000\137\000k\000\137\000d\000i\000m\000\040\000[\000c\000o\000d\000e\000]\000\040\000\050\0001\000\040\000p\000o\000i\000n\000t\000\051}{subsection.1.2}% 9
\BOOKMARK [3][-]{subsubsection.1.2.6}{\376\377\000Q\000u\000e\000s\000t\000i\000o\000n\000\040\0001\000.\0004\000:\000\040\000I\000m\000p\000l\000e\000m\000e\000n\000t\000\040\000p\000l\000o\000t\000\137\000e\000m\000b\000e\000d\000d\000i\000n\000g\000s\000\040\000[\000c\000o\000d\000e\000]\000\040\000\050\0001\000\040\000p\000o\000i\000n\000t\000\051}{subsection.1.2}% 10
\BOOKMARK [3][-]{subsubsection.1.2.7}{\376\377\000Q\000u\000e\000s\000t\000i\000o\000n\000\040\0001\000.\0005\000:\000\040\000C\000o\000-\000O\000c\000c\000u\000r\000r\000e\000n\000c\000e\000\040\000P\000l\000o\000t\000\040\000A\000n\000a\000l\000y\000s\000i\000s\000\040\000[\000w\000r\000i\000t\000t\000e\000n\000]\000\040\000\050\0003\000\040\000p\000o\000i\000n\000t\000s\000\051}{subsection.1.2}% 11
\BOOKMARK [2][-]{subsection.1.3}{\376\377\000P\000a\000r\000t\000\040\0002\000:\000\040\000P\000r\000e\000d\000i\000c\000t\000i\000o\000n\000-\000B\000a\000s\000e\000d\000\040\000W\000o\000r\000d\000\040\000V\000e\000c\000t\000o\000r\000s\000\040\000\050\0001\0005\000\040\000p\000o\000i\000n\000t\000s\000\051}{section.1}% 12
\BOOKMARK [3][-]{subsubsection.1.3.1}{\376\377\000R\000e\000d\000u\000c\000i\000n\000g\000\040\000d\000i\000m\000e\000n\000s\000i\000o\000n\000a\000l\000i\000t\000y\000\040\000o\000f\000\040\000W\000o\000r\000d\000\040\000E\000m\000b\000e\000d\000d\000i\000n\000g\000s}{subsection.1.3}% 13
\BOOKMARK [3][-]{subsubsection.1.3.2}{\376\377\000Q\000u\000e\000s\000t\000i\000o\000n\000\040\0002\000.\0001\000:\000\040\000G\000l\000o\000V\000e\000\040\000P\000l\000o\000t\000\040\000A\000n\000a\000l\000y\000s\000i\000s\000\040\000[\000w\000r\000i\000t\000t\000e\000n\000]\000\040\000\050\0003\000\040\000p\000o\000i\000n\000t\000s\000\051}{subsection.1.3}% 14
\BOOKMARK [3][-]{subsubsection.1.3.3}{\376\377\000C\000o\000s\000i\000n\000e\000\040\000S\000i\000m\000i\000l\000a\000r\000i\000t\000y}{subsection.1.3}% 15
\BOOKMARK [3][-]{subsubsection.1.3.4}{\376\377\000Q\000u\000e\000s\000t\000i\000o\000n\000\040\0002\000.\0002\000:\000\040\000W\000o\000r\000d\000s\000\040\000w\000i\000t\000h\000\040\000M\000u\000l\000t\000i\000p\000l\000e\000\040\000M\000e\000a\000n\000i\000n\000g\000s\000\040\000\050\0001\000.\0005\000\040\000p\000o\000i\000n\000t\000s\000\051\000\040\000[\000c\000o\000d\000e\000\040\000+\000\040\000w\000r\000i\000t\000t\000e\000n\000]}{subsection.1.3}% 16
\BOOKMARK [3][-]{subsubsection.1.3.5}{\376\377\000Q\000u\000e\000s\000t\000i\000o\000n\000\040\0002\000.\0003\000:\000\040\000S\000y\000n\000o\000n\000y\000m\000s\000\040\000\046\000\040\000A\000n\000t\000o\000n\000y\000m\000s\000\040\000\050\0002\000\040\000p\000o\000i\000n\000t\000s\000\051\000\040\000[\000c\000o\000d\000e\000\040\000+\000\040\000w\000r\000i\000t\000t\000e\000n\000]}{subsection.1.3}% 17
\BOOKMARK [3][-]{subsubsection.1.3.6}{\376\377\000Q\000u\000e\000s\000t\000i\000o\000n\000\040\0002\000.\0004\000:\000\040\000A\000n\000a\000l\000o\000g\000i\000e\000s\000\040\000w\000i\000t\000h\000\040\000W\000o\000r\000d\000\040\000V\000e\000c\000t\000o\000r\000s\000\040\000[\000w\000r\000i\000t\000t\000e\000n\000]\000\040\000\050\0001\000.\0005\000\040\000p\000o\000i\000n\000t\000s\000\051}{subsection.1.3}% 18
\BOOKMARK [3][-]{subsubsection.1.3.7}{\376\377\000S\000O\000L\000U\000T\000I\000O\000N\000\040\000B\000E\000G\000I\000N}{subsection.1.3}% 19
\BOOKMARK [3][-]{subsubsection.1.3.8}{\376\377\000S\000O\000L\000U\000T\000I\000O\000N\000\040\000E\000N\000D}{subsection.1.3}% 20
\BOOKMARK [3][-]{subsubsection.1.3.9}{\376\377\000Q\000u\000e\000s\000t\000i\000o\000n\000\040\0002\000.\0005\000:\000\040\000F\000i\000n\000d\000i\000n\000g\000\040\000A\000n\000a\000l\000o\000g\000i\000e\000s\000\040\000[\000c\000o\000d\000e\000\040\000+\000\040\000w\000r\000i\000t\000t\000e\000n\000]\000\040\000\050\0001\000.\0005\000\040\000p\000o\000i\000n\000t\000s\000\051}{subsection.1.3}% 21
\BOOKMARK [3][-]{subsubsection.1.3.10}{\376\377\000S\000O\000L\000U\000T\000I\000O\000N\000\040\000B\000E\000G\000I\000N}{subsection.1.3}% 22
\BOOKMARK [3][-]{subsubsection.1.3.11}{\376\377\000S\000O\000L\000U\000T\000I\000O\000N\000\040\000E\000N\000D}{subsection.1.3}% 23
\BOOKMARK [3][-]{subsubsection.1.3.12}{\376\377\000Q\000u\000e\000s\000t\000i\000o\000n\000\040\0002\000.\0006\000:\000\040\000I\000n\000c\000o\000r\000r\000e\000c\000t\000\040\000A\000n\000a\000l\000o\000g\000y\000\040\000[\000c\000o\000d\000e\000\040\000+\000\040\000w\000r\000i\000t\000t\000e\000n\000]\000\040\000\050\0001\000.\0005\000\040\000p\000o\000i\000n\000t\000s\000\051}{subsection.1.3}% 24
\BOOKMARK [3][-]{subsubsection.1.3.13}{\376\377\000S\000O\000L\000U\000T\000I\000O\000N\000\040\000B\000E\000G\000I\000N}{subsection.1.3}% 25
\BOOKMARK [3][-]{subsubsection.1.3.14}{\376\377\000S\000O\000L\000U\000T\000I\000O\000N\000\040\000E\000N\000D}{subsection.1.3}% 26
\BOOKMARK [3][-]{subsubsection.1.3.15}{\376\377\000S\000O\000L\000U\000T\000I\000O\000N\000\040\000B\000E\000G\000I\000N}{subsection.1.3}% 27
\BOOKMARK [3][-]{subsubsection.1.3.16}{\376\377\000S\000O\000L\000U\000T\000I\000O\000N\000\040\000E\000N\000D}{subsection.1.3}% 28
\BOOKMARK [3][-]{subsubsection.1.3.17}{\376\377\000Q\000u\000e\000s\000t\000i\000o\000n\000\040\0002\000.\0007\000:\000\040\000G\000u\000i\000d\000e\000d\000\040\000A\000n\000a\000l\000y\000s\000i\000s\000\040\000o\000f\000\040\000B\000i\000a\000s\000\040\000i\000n\000\040\000W\000o\000r\000d\000\040\000V\000e\000c\000t\000o\000r\000s\000\040\000[\000w\000r\000i\000t\000t\000e\000n\000]\000\040\000\050\0001\000\040\000p\000o\000i\000n\000t\000\051}{subsection.1.3}% 29
\BOOKMARK [3][-]{subsubsection.1.3.18}{\376\377\000S\000O\000L\000U\000T\000I\000O\000N\000\040\000B\000E\000G\000I\000N}{subsection.1.3}% 30
\BOOKMARK [3][-]{subsubsection.1.3.19}{\376\377\000S\000O\000L\000U\000T\000I\000O\000N\000\040\000E\000N\000D}{subsection.1.3}% 31
\BOOKMARK [3][-]{subsubsection.1.3.20}{\376\377\000Q\000u\000e\000s\000t\000i\000o\000n\000\040\0002\000.\0008\000:\000\040\000I\000n\000d\000e\000p\000e\000n\000d\000e\000n\000t\000\040\000A\000n\000a\000l\000y\000s\000i\000s\000\040\000o\000f\000\040\000B\000i\000a\000s\000\040\000i\000n\000\040\000W\000o\000r\000d\000\040\000V\000e\000c\000t\000o\000r\000s\000\040\000[\000c\000o\000d\000e\000\040\000+\000\040\000w\000r\000i\000t\000t\000e\000n\000]\000\040\000\050\0001\000\040\000p\000o\000i\000n\000t\000\051}{subsection.1.3}% 32
\BOOKMARK [3][-]{subsubsection.1.3.21}{\376\377\000S\000O\000L\000U\000T\000I\000O\000N\000\040\000B\000E\000G\000I\000N}{subsection.1.3}% 33
\BOOKMARK [3][-]{subsubsection.1.3.22}{\376\377\000S\000O\000L\000U\000T\000I\000O\000N\000\040\000E\000N\000D}{subsection.1.3}% 34
\BOOKMARK [3][-]{subsubsection.1.3.23}{\376\377\000Q\000u\000e\000s\000t\000i\000o\000n\000\040\0002\000.\0009\000:\000\040\000T\000h\000i\000n\000k\000i\000n\000g\000\040\000A\000b\000o\000u\000t\000\040\000B\000i\000a\000s\000\040\000[\000w\000r\000i\000t\000t\000e\000n\000]\000\040\000\050\0002\000\040\000p\000o\000i\000n\000t\000s\000\051}{subsection.1.3}% 35
\BOOKMARK [3][-]{subsubsection.1.3.24}{\376\377\000S\000O\000L\000U\000T\000I\000O\000N\000\040\000B\000E\000G\000I\000N}{subsection.1.3}% 36
\BOOKMARK [3][-]{subsubsection.1.3.25}{\376\377\000S\000O\000L\000U\000T\000I\000O\000N\000\040\000E\000N\000D}{subsection.1.3}% 37
\BOOKMARK [3][-]{subsubsection.1.3.26}{\376\377\000S\000O\000L\000U\000T\000I\000O\000N\000\040\000B\000E\000G\000I\000N}{subsection.1.3}% 38
\BOOKMARK [3][-]{subsubsection.1.3.27}{\376\377\000S\000O\000L\000U\000T\000I\000O\000N\000\040\000E\000N\000D}{subsection.1.3}% 39
\BOOKMARK [1][-]{section.2}{\376\377\000\040\000S\000u\000b\000m\000i\000s\000s\000i\000o\000n\000\040\000I\000n\000s\000t\000r\000u\000c\000t\000i\000o\000n\000s}{}% 40
